{
    "origin": "fwBVDsVh8SYQy98CzYpNPcbyTRczVUZ96HszhNRB8Ve", 
    "header": {
        "tag": "TxAsset", 
        "contents": {
            "tag": "Bind", 
            "contents": {
                "asset": "43WRxMNcnYgZFcE36iohqrXKQdajUdAxeSn9mzE1ZedB", 
                "contract": "7mR5d7s6cKB4qjuX1kiwwNtygfURhFQ9TKvEd9kmq6QL", 
                "proof": "AE4xMTUxMzY4MDA4MjA0NTY4MzM3Mzc5OTQxMjY3NzEzODYwMTUwMjYyODcwOTUwMzQ2MjU2MjM2NDQxODYyNzgxMDg5MjY2OTA3Nzk1Njc6AE05ODI0NTI4MDUyMjAwMzUwNTY0NDc5NzY3MDg0MzEwNzI3NjEzMjYwMjA1MDEzMzA4MjYyNTc2ODcwNjQ5MTYwMjg3NTcyNTc4ODQ2Nw=="
            }
        }
    }, 
    "signature": "AE4xMTUxMzY4MDA4MjA0NTY4MzM3Mzc5OTQxMjY3NzEzODYwMTUwMjYyODcwOTUwMzQ2MjU2MjM2NDQxODYyNzgxMDg5MjY2OTA3Nzk1Njc6AE0zNDk5MzYwMTgzNTU4OTg0ODMxNjA5MzYxODU4NzcxMDczMDI5OTY3NzUzMTk3MzA1Nzg3Mzg4MjQ1MTI5MzAxNTk4MDQ4MDg3ODkxNQ=="
}