{
    "supply": 1000, 
    "assetType": {
        "contents": null, 
        "tag": "Discrete"
    }, 
    "reference": "Token", 
    "assetAddr": "6xdHUTci9doXJuPrtrnf5wUniFowjeRmW7wL3MFXu6ir", 
    "issuer": "fwBVDsVh8SYQy98CzYpNPcbyTRczVUZ96HszhNRB8Ve", 
    "assetName": "test"
}