{
    "address": "fwBVDsVh8SYQy98CzYpNPcbyTRczVUZ96HszhNRB8Ve", 
    "args": {
        "contents": 3.5, 
        "tag": "VFloat"
    }, 
    "method": "get"
}