{
    "timestamp": 1231006505, 
    "to": null, 
    "header": {
        "tag": "TxContract", 
        "contents": {
            "tag": "CreateContract", 
            "contents": {
                "script": "", 
                "timestamp": 1231006505, 
                "address": "43WRxMNcnYgZFcE36iohqrXKQdajUdAxeSn9mzE1ZedB", 
                "owner": "fwBVDsVh8SYQy98CzYpNPcbyTRczVUZ96HszhNRB8Ve"
            }
        }
    }, 
    "signature": "AE4xMTUxMzY4MDA4MjA0NTY4MzM3Mzc5OTQxMjY3NzEzODYwMTUwMjYyODcwOTUwMzQ2MjU2MjM2NDQxODYyNzgxMDg5MjY2OTA3Nzk1Njc6AE4xMDU5Nzc3OTE1MzUwODU2NTI1OTQ3NTU1MzI0MTg5MTk4NTU4MzQyNDEwMDk1MTgwNjE3MTg4MDM4MDg4NTY2OTkzOTMxMjc1MDcwMDQ=", 
    "origin": "fwBVDsVh8SYQy98CzYpNPcbyTRczVUZ96HszhNRB8Ve"
}