{
    "address": "fwBVDsVh8SYQy98CzYpNPcbyTRczVUZ96HszhNRB8Ve",
    "method": "get",
    "args": {
        "contents": 1,
        "tag": "VInt"
    }
}