{
    "args": {
        "tag": "VEnum", 
        "contents": "Foo"
    }, 
    "method": "get", 
    "address": "fwBVDsVh8SYQy98CzYpNPcbyTRczVUZ96HszhNRB8Ve"
}