{
    "header": {
        "tag": "TxContract",
        "contents": {
            "tag": "Call",
            "contents": {
                "address": "fwBVDsVh8SYQy98CzYpNPcbyTRczVUZ96HszhNRB8Ve",
                "method": "get",
                "args": [
                    {
                        "contents": 1,
                        "tag": "VInt"
                    },
                    {
                        "contents": 1,
                        "tag": "VInt"
                    },
                    {
                        "contents": 1,
                        "tag": "VInt"
                    }
                ]
            }
        }
    },
    "signature": "AE4xMTUxMzY4MDA4MjA0NTY4MzM3Mzc5OTQxMjY3NzEzODYwMTUwMjYyODcwOTUwMzQ2MjU2MjM2NDQxODYyNzgxMDg5MjY2OTA3Nzk1Njc6AE04NTE2MTk1NDIyMTI2MDY2NjgzNzA2NDUyMjgwNjcyNzYzMjkzNjgxNDIyNDk0MDk1NTU2NDM1MDIzMTU2NTIzMTMyOTk1MTQ1MTY3NA==",
    "timestamp": 1231006505,
    "origin": "fwBVDsVh8SYQy98CzYpNPcbyTRczVUZ96HszhNRB8Ve",
    "to": null
}