{
    "origin": "fwBVDsVh8SYQy98CzYpNPcbyTRczVUZ96HszhNRB8Ve", 
    "header": {
        "tag": "TxContract", 
        "contents": {
            "tag": "Call", 
            "contents": {
                "args": [
                    {
                        "tag": "VFloat", 
                        "contents": 3.5
                    }
                ], 
                "method": "get", 
                "address": "fwBVDsVh8SYQy98CzYpNPcbyTRczVUZ96HszhNRB8Ve"
            }
        }
    }, 
    "signature": "AE4xMTUxMzY4MDA4MjA0NTY4MzM3Mzc5OTQxMjY3NzEzODYwMTUwMjYyODcwOTUwMzQ2MjU2MjM2NDQxODYyNzgxMDg5MjY2OTA3Nzk1Njc6AE0zNzE4MDgzNzM2MTU5MzQxMjAxMzEzNjM2Mjc4MTYwNTcyMzYwMTU3MDkzNDQ4MTM5OTg2NDI4OTMwOTAxNzk3MjM4OTkyMDAxNDY5MQ==", 
    "timestamp": 1231006505
}