{
    "header": {
        "contents": {
            "contents": {
                "address": "fwBVDsVh8SYQy98CzYpNPcbyTRczVUZ96HszhNRB8Ve", 
                "args": [
                    {
                        "tag": "VUndefined"
                    }
                ], 
                "method": "get"
            }, 
            "tag": "Call"
        }, 
        "tag": "TxContract"
    }, 
    "origin": "fwBVDsVh8SYQy98CzYpNPcbyTRczVUZ96HszhNRB8Ve", 
    "signature": "AE4xMTUxMzY4MDA4MjA0NTY4MzM3Mzc5OTQxMjY3NzEzODYwMTUwMjYyODcwOTUwMzQ2MjU2MjM2NDQxODYyNzgxMDg5MjY2OTA3Nzk1Njc6AEw3Nzk1MjEyMzE4Mjk4MTE2NDY1MTM2NzY5NTQ0NDAyODg1MjMwMTA2Njc3Nzc5MDc4ODYzMjExNjE0MTQ3MTkwMTczOTAxOTgxMTc5"
}