{
    "address": "fwBVDsVh8SYQy98CzYpNPcbyTRczVUZ96HszhNRB8Ve", 
    "args": {
        "contents": {
            "contents": 3.223, 
            "tag": "Fixed3"
        }, 
        "precision": 3, 
        "tag": "VFixed"
    }, 
    "method": "get"
}