{
    "origin": "fwBVDsVh8SYQy98CzYpNPcbyTRczVUZ96HszhNRB8Ve", 
    "header": {
        "tag": "TxContract", 
        "contents": {
            "tag": "Call", 
            "contents": {
                "args": [
                    {
                        "tag": "VContract", 
                        "contents": "fwBVDsVh8SYQy98CzYpNPcbyTRczVUZ96HszhNRB8Ve"
                    }
                ], 
                "method": "get", 
                "address": "fwBVDsVh8SYQy98CzYpNPcbyTRczVUZ96HszhNRB8Ve"
            }
        }
    }, 
    "signature": "AE4xMTUxMzY4MDA4MjA0NTY4MzM3Mzc5OTQxMjY3NzEzODYwMTUwMjYyODcwOTUwMzQ2MjU2MjM2NDQxODYyNzgxMDg5MjY2OTA3Nzk1Njc6AE0zNjMyODcwODM3MTk0NDE5OTI1MzA4OTYwNjUwMDEyNDA4NjkwNzYxMDU1MTQ1MTUxNDgzNzk2NzM0OTM0NjgyNzM3MzkzNjA3Nzc3NQ=="
}