{
    "origin": "fwBVDsVh8SYQy98CzYpNPcbyTRczVUZ96HszhNRB8Ve", 
    "header": {
        "tag": "TxContract", 
        "contents": {
            "tag": "Call", 
            "contents": {
                "args": [
                    {
                        "tag": "VAccount", 
                        "contents": "fwBVDsVh8SYQy98CzYpNPcbyTRczVUZ96HszhNRB8Ve"
                    }
                ], 
                "method": "get", 
                "address": "fwBVDsVh8SYQy98CzYpNPcbyTRczVUZ96HszhNRB8Ve"
            }
        }
    }, 
    "signature": "AE4xMTUxMzY4MDA4MjA0NTY4MzM3Mzc5OTQxMjY3NzEzODYwMTUwMjYyODcwOTUwMzQ2MjU2MjM2NDQxODYyNzgxMDg5MjY2OTA3Nzk1Njc6AE05ODIzMjA4NTg3MTI1NTA2MDQwMjA0NjE2MTAxOTgyMDYzNDU4NzcwMjk5NzY3MDg3NTMwMTM0NjQyODMxNDY0NDczOTU1ODMzMjIzNg==", 
    "timestamp": 1231006505, 
    "to": null
}