{
    "address": "fwBVDsVh8SYQy98CzYpNPcbyTRczVUZ96HszhNRB8Ve",
    "method": "get",
    "args": {
        "tag": "VVoid"
    }
}