{
    "script": "",
    "owner": "fwBVDsVh8SYQy98CzYpNPcbyTRczVUZ96HszhNRB8Ve",
    "address": "43WRxMNcnYgZFcE36iohqrXKQdajUdAxeSn9mzE1ZedB",
    "timestamp": 1231006505
}