{
    "address": "fwBVDsVh8SYQy98CzYpNPcbyTRczVUZ96HszhNRB8Ve",
    "method": "get",
    "args": {
        "contents": "Hello world",
        "tag": "VMsg"
    }
}