{
    "origin": "fwBVDsVh8SYQy98CzYpNPcbyTRczVUZ96HszhNRB8Ve", 
    "header": {
        "tag": "TxAccount", 
        "contents": {
            "tag": "CreateAccount", 
            "contents": {
                "timezone": "GMT", 
                "pubKey": "af0b33d9e8af2b771200a87012fc6aa07b391d8ac01b40975359a7d35d38f13b9d1d65b28a9a1a413436cf6dc5bafcb551a4953b8f30c751d111262ed07a13fd", 
                "metadata": {
                    "fax": "bar", 
                    "stuff": "key", 
                    "bax": "foo"
                }
            }
        }
    }, 
    "signature": "AE4xMTUxMzY4MDA4MjA0NTY4MzM3Mzc5OTQxMjY3NzEzODYwMTUwMjYyODcwOTUwMzQ2MjU2MjM2NDQxODYyNzgxMDg5MjY2OTA3Nzk1Njc6AE03NTU1NTczODcyNTA5NDkxMTUzODYzNTQ0NjM2ODQwNDA1ODEwNDIzMTMwODk5ODIwMTM2NjQ1NTAyNTU0NDg2MzY3MTkxOTAzMzM0Mw=="
}