{
    "origin": "fwBVDsVh8SYQy98CzYpNPcbyTRczVUZ96HszhNRB8Ve", 
    "header": {
        "tag": "TxAccount", 
        "contents": {
            "tag": "RevokeAccount", 
            "contents": {
                "address": "fwBVDsVh8SYQy98CzYpNPcbyTRczVUZ96HszhNRB8Ve"
            }
        }
    }, 
    "signature": "AE4xMTUxMzY4MDA4MjA0NTY4MzM3Mzc5OTQxMjY3NzEzODYwMTUwMjYyODcwOTUwMzQ2MjU2MjM2NDQxODYyNzgxMDg5MjY2OTA3Nzk1Njc6AE0zMDA1MjI4MDA2MzU4NjI5NjE3MTYyNzA0MzczNzk1MDA3OTUxNDc1NTMyMzkyMzkyNjI4ODg5NTMyODUzNjE3MTEzMzYwMTc1NzY5Mg==", 
    "timestamp": 1231006505
}