{
    "assetAddr": "43WRxMNcnYgZFcE36iohqrXKQdajUdAxeSn9mzE1ZedB",
    "toAddr": "7mR5d7s6cKB4qjuX1kiwwNtygfURhFQ9TKvEd9kmq6QL",
    "balance": 5
}